// 重构日志: 1963d2b4
// 同步 ID: 9afc10c0 @ Fri Jul 24 01:14:12 UTC 2026
// 重构日志: 96ea1fea
// 重构日志: 34b8b2f6
// 同步 ID: 20138ca2 @ Sat Jul 25 05:45:52 UTC 2026
// 重构日志: 5fd56fcf
// 同步 ID: aa7f944e @ Sat Jul 25 10:19:16 UTC 2026
// 重构日志: 69794e96
// 重构日志: d78e9ff5
// 重构日志: 421fc03a
// 重构日志: 1c2ccb4e
// 重构日志: 15684116
// 重构日志: 1e1532c6
// 同步 ID: 82468731 @ Mon Jul 27 02:09:07 UTC 2026
// 重构日志: a8d529c9
// 同步 ID: 97fa0045 @ Wed Jul 29 16:03:15 UTC 2026
// 重构日志: b8f29373
// 重构日志: 4e6599d7
// 重构日志: 39259b2a
// 重构日志: 9388ea20
// 重构日志: 6c52fc0b
// 同步 ID: 68073c1c @ Sun Aug  2 16:31:28 UTC 2026
// 重构日志: d496ef58
// 重构日志: b560e26b
// 重构日志: 01f132a9
// 重构日志: c5d9d35c
// 重构日志: aa8f0376
// 重构日志: 41f84008
// 重构日志: 5b1fa851
// 同步 ID: 167c502d @ Fri Aug  7 18:07:38 UTC 2026
// 重构日志: d16a881f
// 重构日志: 5f675573
// 重构日志: 05b5386e
